C:\Users\HUYVD5\Downloads>ssh -i p1.pem ec2-user@44.204.252.106
The authenticity of host '44.204.252.106 (44.204.252.106)' can't be established.
ECDSA key fingerprint is SHA256:2futlzCbjl+vZIrRA+b5uy36e/Q2YNvecR5EnZwamyU.
Are you sure you want to continue connecting (yes/no)? yes
Warning: Permanently added '44.204.252.106' (ECDSA) to the list of known hosts.

       __|  __|_  )
       _|  (     /   Amazon Linux 2 AMI
      ___|\___|___|

https://aws.amazon.com/amazon-linux-2/
No packages needed for security; 5 packages available
Run "sudo yum update" to apply all updates.
[ec2-user@ip-10-1-10-235 ~]$ sudo amazon-linux-extras install epel -y
Installing epel-release
Loaded plugins: extras_suggestions, langpacks, priorities, update-motd
Cleaning repos: amzn2-core amzn2extra-docker amzn2extra-epel amzn2extra-kernel-5.10
17 metadata files removed
6 sqlite files removed
0 metadata files removed
Loaded plugins: extras_suggestions, langpacks, priorities, update-motd
amzn2-core                                                                                       | 3.7 kB  00:00:00
amzn2extra-docker                                                                                | 3.0 kB  00:00:00
amzn2extra-epel                                                                                  | 3.0 kB  00:00:00
amzn2extra-kernel-5.10                                                                           | 3.0 kB  00:00:00
(1/9): amzn2-core/2/x86_64/group_gz                                                              | 2.5 kB  00:00:00
(2/9): amzn2-core/2/x86_64/updateinfo                                                            | 575 kB  00:00:00
(3/9): amzn2extra-epel/2/x86_64/primary_db                                                       | 1.8 kB  00:00:00
(4/9): amzn2extra-kernel-5.10/2/x86_64/updateinfo                                                |  24 kB  00:00:00
(5/9): amzn2extra-kernel-5.10/2/x86_64/primary_db                                                |  15 MB  00:00:00
(6/9): amzn2extra-docker/2/x86_64/updateinfo                                                     | 8.0 kB  00:00:00
(7/9): amzn2extra-epel/2/x86_64/updateinfo                                                       |   76 B  00:00:00
(8/9): amzn2extra-docker/2/x86_64/primary_db                                                     | 101 kB  00:00:00
(9/9): amzn2-core/2/x86_64/primary_db                                                            |  69 MB  00:00:00
Resolving Dependencies
--> Running transaction check
---> Package epel-release.noarch 0:7-11 will be installed
--> Finished Dependency Resolution

Dependencies Resolved

======================================================================================================================== Package                        Arch                     Version                Repository                         Size
========================================================================================================================Installing:
 epel-release                   noarch                   7-11                   amzn2extra-epel                    15 k

Transaction Summary
========================================================================================================================Install  1 Package

Total download size: 15 k
Installed size: 24 k
Downloading packages:
epel-release-7-11.noarch.rpm                                                                     |  15 kB  00:00:00
Running transaction check
Running transaction test
Transaction test succeeded
Running transaction
  Installing : epel-release-7-11.noarch                                                                             1/1
  Verifying  : epel-release-7-11.noarch                                                                             1/1

Installed:
  epel-release.noarch 0:7-11

Complete!
  0  ansible2                 available    \
        [ =2.4.2  =2.4.6  =2.8  =stable ]
  2  httpd_modules            available    [ =1.0  =stable ]
  3  memcached1.5             available    \
        [ =1.5.1  =1.5.16  =1.5.17 ]
  6  postgresql10             available    [ =10  =stable ]
  9  R3.4                     available    [ =3.4.3  =stable ]
 10  rust1                    available    \
        [ =1.22.1  =1.26.0  =1.26.1  =1.27.2  =1.31.0  =1.38.0
          =stable ]
 18  libreoffice              available    \
        [ =5.0.6.2_15  =5.3.6.1  =stable ]
 19  gimp                     available    [ =2.8.22 ]
 20  docker=latest            enabled      \
        [ =17.12.1  =18.03.1  =18.06.1  =18.09.9  =stable ]
 21  mate-desktop1.x          available    \
        [ =1.19.0  =1.20.0  =stable ]
 22  GraphicsMagick1.3        available    \
        [ =1.3.29  =1.3.32  =1.3.34  =stable ]
 23  tomcat8.5                available    \
        [ =8.5.31  =8.5.32  =8.5.38  =8.5.40  =8.5.42  =8.5.50
          =stable ]
 24  epel=latest              enabled      [ =7.11  =stable ]
 25  testing                  available    [ =1.0  =stable ]
 26  ecs                      available    [ =stable ]
 27  corretto8                available    \
        [ =1.8.0_192  =1.8.0_202  =1.8.0_212  =1.8.0_222  =1.8.0_232
          =1.8.0_242  =stable ]
 29  golang1.11               available    \
        [ =1.11.3  =1.11.11  =1.11.13  =stable ]
 30  squid4                   available    [ =4  =stable ]
 32  lustre2.10               available    \
        [ =2.10.5  =2.10.8  =stable ]
 33  java-openjdk11           available    [ =11  =stable ]
 34  lynis                    available    [ =stable ]
 36  BCC                      available    [ =0.x  =stable ]
 37  mono                     available    [ =5.x  =stable ]
 38  nginx1                   available    [ =stable ]
 39  ruby2.6                  available    [ =2.6  =stable ]
 40  mock                     available    [ =stable ]
 41  postgresql11             available    [ =11  =stable ]
 43  livepatch                available    [ =stable ]
 44  python3.8                available    [ =stable ]
 45  haproxy2                 available    [ =stable ]
 46  collectd                 available    [ =stable ]
 47  aws-nitro-enclaves-cli   available    [ =stable ]
 48  R4                       available    [ =stable ]
  _  kernel-5.4               available    [ =stable ]
 50  selinux-ng               available    [ =stable ]
 51  php8.0                   available    [ =stable ]
 52  tomcat9                  available    [ =stable ]
 53  unbound1.13              available    [ =stable ]
 54  mariadb10.5              available    [ =stable ]
 55  kernel-5.10=latest       enabled      [ =stable ]
 56  redis6                   available    [ =stable ]
 57  ruby3.0                  available    [ =stable ]
 58  postgresql12             available    [ =stable ]
 59  postgresql13             available    [ =stable ]
 60  mock2                    available    [ =stable ]
 61  dnsmasq2.85              available    [ =stable ]
 62  kernel-5.15              available    [ =stable ]
 63  postgresql14             available    [ =stable ]
 64  firefox                  available    [ =stable ]
 65  lustre                   available    [ =stable ]
 66  php8.1                   available    [ =stable ]
 67  awscli1                  available    [ =stable ]
[ec2-user@ip-10-1-10-235 ~]$ sudo yum install https://dev.mysql.com/get/mysql80-community-release-el7-5.noarch.rpm
Loaded plugins: extras_suggestions, langpacks, priorities, update-motd
Existing lock /var/run/yum.pid: another copy is running as pid 3484.
Another app is currently holding the yum lock; waiting for it to exit...
  The other application is: yum
    Memory :  88 M RSS (380 MB VSZ)
    Started: Mon Feb 27 08:43:16 2023 - 00:05 ago
    State  : Sleeping, pid: 3484
Another app is currently holding the yum lock; waiting for it to exit...
  The other application is: yum
    Memory :  89 M RSS (381 MB VSZ)
    Started: Mon Feb 27 08:43:16 2023 - 00:07 ago
    State  : Running, pid: 3484
Another app is currently holding the yum lock; waiting for it to exit...
  The other application is: yum
    Memory : 285 M RSS (577 MB VSZ)
    Started: Mon Feb 27 08:43:16 2023 - 00:09 ago
    State  : Running, pid: 3484
Another app is currently holding the yum lock; waiting for it to exit...
  The other application is: yum
    Memory : 293 M RSS (585 MB VSZ)
    Started: Mon Feb 27 08:43:16 2023 - 00:11 ago
    State  : Running, pid: 3484
Another app is currently holding the yum lock; waiting for it to exit...
  The other application is: yum
    Memory : 336 M RSS (628 MB VSZ)
    Started: Mon Feb 27 08:43:16 2023 - 00:13 ago
    State  : Running, pid: 3484
Another app is currently holding the yum lock; waiting for it to exit...
  The other application is: yum
    Memory : 339 M RSS (632 MB VSZ)
    Started: Mon Feb 27 08:43:16 2023 - 00:15 ago
    State  : Running, pid: 3484
mysql80-community-release-el7-5.noarch.rpm                                                       |  11 kB  00:00:00
Examining /var/tmp/yum-root-1Zi5in/mysql80-community-release-el7-5.noarch.rpm: mysql80-community-release-el7-5.noarch
Marking /var/tmp/yum-root-1Zi5in/mysql80-community-release-el7-5.noarch.rpm to be installed
Resolving Dependencies
--> Running transaction check
---> Package mysql80-community-release.noarch 0:el7-5 will be installed
--> Finished Dependency Resolution

Dependencies Resolved

======================================================================================================================== Package                           Arch           Version         Repository                                       Size
========================================================================================================================Installing:
 mysql80-community-release         noarch         el7-5           /mysql80-community-release-el7-5.noarch         9.1 k

Transaction Summary
========================================================================================================================Install  1 Package

Total size: 9.1 k
Installed size: 9.1 k
Is this ok [y/d/N]: y
Downloading packages:
Running transaction check
Running transaction test
Transaction test succeeded
Running transaction
  Installing : mysql80-community-release-el7-5.noarch                                                               1/1
  Verifying  : mysql80-community-release-el7-5.noarch                                                               1/1

Installed:
  mysql80-community-release.noarch 0:el7-5

Complete!
[ec2-user@ip-10-1-10-235 ~]$ sudo yum install mysql-community-server
Loaded plugins: extras_suggestions, langpacks, priorities, update-motd
Existing lock /var/run/yum.pid: another copy is running as pid 3524.
Another app is currently holding the yum lock; waiting for it to exit...
  The other application is: yum
    Memory : 289 M RSS (581 MB VSZ)
    Started: Mon Feb 27 08:43:39 2023 - 00:04 ago
    State  : Running, pid: 3524
Another app is currently holding the yum lock; waiting for it to exit...
  The other application is: yum
    Memory : 350 M RSS (643 MB VSZ)
    Started: Mon Feb 27 08:43:39 2023 - 00:06 ago
    State  : Running, pid: 3524
Another app is currently holding the yum lock; waiting for it to exit...
  The other application is: yum
    Memory : 340 M RSS (633 MB VSZ)
    Started: Mon Feb 27 08:43:39 2023 - 00:08 ago
    State  : Running, pid: 3524
Another app is currently holding the yum lock; waiting for it to exit...
  The other application is: yum
    Memory : 340 M RSS (633 MB VSZ)
    Started: Mon Feb 27 08:43:39 2023 - 00:10 ago
    State  : Running, pid: 3524
278 packages excluded due to repository priority protections
Resolving Dependencies
--> Running transaction check
---> Package mysql-community-server.x86_64 0:8.0.32-1.el7 will be installed
--> Processing Dependency: mysql-community-common(x86-64) = 8.0.32-1.el7 for package: mysql-community-server-8.0.32-1.el7.x86_64
--> Processing Dependency: mysql-community-icu-data-files = 8.0.32-1.el7 for package: mysql-community-server-8.0.32-1.el7.x86_64
--> Processing Dependency: mysql-community-client(x86-64) >= 8.0.11 for package: mysql-community-server-8.0.32-1.el7.x86_64
--> Running transaction check
---> Package mysql-community-client.x86_64 0:8.0.32-1.el7 will be installed
--> Processing Dependency: mysql-community-client-plugins = 8.0.32-1.el7 for package: mysql-community-client-8.0.32-1.el7.x86_64
--> Processing Dependency: mysql-community-libs(x86-64) >= 8.0.11 for package: mysql-community-client-8.0.32-1.el7.x86_64
--> Processing Dependency: libncurses.so.5()(64bit) for package: mysql-community-client-8.0.32-1.el7.x86_64
--> Processing Dependency: libtinfo.so.5()(64bit) for package: mysql-community-client-8.0.32-1.el7.x86_64
---> Package mysql-community-common.x86_64 0:8.0.32-1.el7 will be installed
---> Package mysql-community-icu-data-files.x86_64 0:8.0.32-1.el7 will be installed
--> Running transaction check
---> Package mariadb-libs.x86_64 1:5.5.68-1.amzn2 will be obsoleted
--> Processing Dependency: libmysqlclient.so.18()(64bit) for package: 2:postfix-2.10.1-6.amzn2.0.3.x86_64
--> Processing Dependency: libmysqlclient.so.18(libmysqlclient_18)(64bit) for package: 2:postfix-2.10.1-6.amzn2.0.3.x86_64
---> Package mysql-community-client-plugins.x86_64 0:8.0.32-1.el7 will be installed
---> Package mysql-community-libs.x86_64 0:8.0.32-1.el7 will be obsoleting
---> Package ncurses-compat-libs.x86_64 0:6.0-8.20170212.amzn2.1.4 will be installed
--> Running transaction check
---> Package mysql-community-libs-compat.x86_64 0:8.0.32-1.el7 will be obsoleting
--> Finished Dependency Resolution

Dependencies Resolved

======================================================================================================================== Package                                Arch           Version                          Repository                 Size
========================================================================================================================Installing:
 mysql-community-libs                   x86_64         8.0.32-1.el7                     mysql80-community         1.5 M
     replacing  mariadb-libs.x86_64 1:5.5.68-1.amzn2
 mysql-community-libs-compat            x86_64         8.0.32-1.el7                     mysql80-community         670 k
     replacing  mariadb-libs.x86_64 1:5.5.68-1.amzn2
 mysql-community-server                 x86_64         8.0.32-1.el7                     mysql80-community          64 M
Installing for dependencies:
 mysql-community-client                 x86_64         8.0.32-1.el7                     mysql80-community          16 M
 mysql-community-client-plugins         x86_64         8.0.32-1.el7                     mysql80-community         2.5 M
 mysql-community-common                 x86_64         8.0.32-1.el7                     mysql80-community         654 k
 mysql-community-icu-data-files         x86_64         8.0.32-1.el7                     mysql80-community         2.1 M
 ncurses-compat-libs                    x86_64         6.0-8.20170212.amzn2.1.4         amzn2-core                308 k

Transaction Summary
========================================================================================================================Install  3 Packages (+5 Dependent packages)

Total download size: 88 M
Is this ok [y/d/N]: y
Downloading packages:
warning: /var/cache/yum/x86_64/2/mysql80-community/packages/mysql-community-client-plugins-8.0.32-1.el7.x86_64.rpm: Header V4 RSA/SHA256 Signature, key ID 3a79bd29: NOKEY
Public key for mysql-community-client-plugins-8.0.32-1.el7.x86_64.rpm is not installed
(1/8): mysql-community-client-plugins-8.0.32-1.el7.x86_64.rpm                                    | 2.5 MB  00:00:00
(2/8): mysql-community-common-8.0.32-1.el7.x86_64.rpm                                            | 654 kB  00:00:00
(3/8): mysql-community-icu-data-files-8.0.32-1.el7.x86_64.rpm                                    | 2.1 MB  00:00:00
(4/8): mysql-community-libs-8.0.32-1.el7.x86_64.rpm                                              | 1.5 MB  00:00:00
(5/8): mysql-community-libs-compat-8.0.32-1.el7.x86_64.rpm                                       | 670 kB  00:00:00
(6/8): mysql-community-client-8.0.32-1.el7.x86_64.rpm                                            |  16 MB  00:00:00
(7/8): mysql-community-server-8.0.32-1.el7.x86_64.rpm                                            |  64 MB  00:00:00
(8/8): ncurses-compat-libs-6.0-8.20170212.amzn2.1.4.x86_64.rpm                                   | 308 kB  00:00:00
------------------------------------------------------------------------------------------------------------------------Total                                                                                   164 MB/s |  88 MB  00:00:00
Retrieving key from file:///etc/pki/rpm-gpg/RPM-GPG-KEY-mysql-2022
Importing GPG key 0x3A79BD29:
 Userid     : "MySQL Release Engineering <mysql-build@oss.oracle.com>"
 Fingerprint: 859b e8d7 c586 f538 430b 19c2 467b 942d 3a79 bd29
 Package    : mysql80-community-release-el7-5.noarch (installed)
 From       : /etc/pki/rpm-gpg/RPM-GPG-KEY-mysql-2022
Is this ok [y/N]: y
Retrieving key from file:///etc/pki/rpm-gpg/RPM-GPG-KEY-mysql
Importing GPG key 0x5072E1F5:
 Userid     : "MySQL Release Engineering <mysql-build@oss.oracle.com>"
 Fingerprint: a4a9 4068 76fc bd3c 4567 70c8 8c71 8d3b 5072 e1f5
 Package    : mysql80-community-release-el7-5.noarch (installed)
 From       : /etc/pki/rpm-gpg/RPM-GPG-KEY-mysql
Is this ok [y/N]: y
Running transaction check
Running transaction test
Transaction test succeeded
Running transaction
  Installing : mysql-community-client-plugins-8.0.32-1.el7.x86_64                                                   1/9
  Installing : mysql-community-common-8.0.32-1.el7.x86_64                                                           2/9
  Installing : mysql-community-libs-8.0.32-1.el7.x86_64                                                             3/9
  Installing : mysql-community-icu-data-files-8.0.32-1.el7.x86_64                                                   4/9
  Installing : ncurses-compat-libs-6.0-8.20170212.amzn2.1.4.x86_64                                                  5/9
  Installing : mysql-community-client-8.0.32-1.el7.x86_64                                                           6/9
  Installing : mysql-community-server-8.0.32-1.el7.x86_64                                                           7/9
  Installing : mysql-community-libs-compat-8.0.32-1.el7.x86_64                                                      8/9
  Erasing    : 1:mariadb-libs-5.5.68-1.amzn2.x86_64                                                                 9/9
  Verifying  : mysql-community-libs-8.0.32-1.el7.x86_64                                                             1/9
  Verifying  : ncurses-compat-libs-6.0-8.20170212.amzn2.1.4.x86_64                                                  2/9
  Verifying  : mysql-community-icu-data-files-8.0.32-1.el7.x86_64                                                   3/9
  Verifying  : mysql-community-client-8.0.32-1.el7.x86_64                                                           4/9
  Verifying  : mysql-community-libs-compat-8.0.32-1.el7.x86_64                                                      5/9
  Verifying  : mysql-community-common-8.0.32-1.el7.x86_64                                                           6/9
  Verifying  : mysql-community-client-plugins-8.0.32-1.el7.x86_64                                                   7/9
  Verifying  : mysql-community-server-8.0.32-1.el7.x86_64                                                           8/9
  Verifying  : 1:mariadb-libs-5.5.68-1.amzn2.x86_64                                                                 9/9

Installed:
  mysql-community-libs.x86_64 0:8.0.32-1.el7               mysql-community-libs-compat.x86_64 0:8.0.32-1.el7
  mysql-community-server.x86_64 0:8.0.32-1.el7

Dependency Installed:
  mysql-community-client.x86_64 0:8.0.32-1.el7                mysql-community-client-plugins.x86_64 0:8.0.32-1.el7
  mysql-community-common.x86_64 0:8.0.32-1.el7                mysql-community-icu-data-files.x86_64 0:8.0.32-1.el7
  ncurses-compat-libs.x86_64 0:6.0-8.20170212.amzn2.1.4

Replaced:
  mariadb-libs.x86_64 1:5.5.68-1.amzn2

Complete!
[ec2-user@ip-10-1-10-235 ~]$ systemctl active mysqld
Unknown operation 'active'.
[ec2-user@ip-10-1-10-235 ~]$ systemctl start mysqld
Failed to start mysqld.service: The name org.freedesktop.PolicyKit1 was not provided by any .service files
See system logs and 'systemctl status mysqld.service' for details.
[ec2-user@ip-10-1-10-235 ~]$ systemctl status mysqld
? mysqld.service - MySQL Server
   Loaded: loaded (/usr/lib/systemd/system/mysqld.service; enabled; vendor preset: disabled)
   Active: inactive (dead)
     Docs: man:mysqld(8)
           http://dev.mysql.com/doc/refman/en/using-systemd.html
[ec2-user@ip-10-1-10-235 ~]$ sudo mysql_secure_installation

Securing the MySQL server deployment.

Enter password for user root:
Error: Can't connect to local MySQL server through socket '/var/lib/mysql/mysql.sock' (2)
[ec2-user@ip-10-1-10-235 ~]$ mysql --version
mysql  Ver 8.0.32 for Linux on x86_64 (MySQL Community Server - GPL)
[ec2-user@ip-10-1-10-235 ~]$ create database testdb;
-bash: create: command not found
[ec2-user@ip-10-1-10-235 ~]$ mysql -u admin -h primary-database-1.com4aiqiqvzt.us-east-1.rds.amazonaws.com -p
Enter password:
ERROR 1045 (28000): Access denied for user 'admin'@'10.1.10.235' (using password: YES)
[ec2-user@ip-10-1-10-235 ~]$ mysql -u admin -h primary-database-1.com4aiqiqvzt.us-east-1.rds.amazonaws.com -p
Enter password:
Welcome to the MySQL monitor.  Commands end with ; or \g.
Your MySQL connection id is 46
Server version: 8.0.28 Source distribution

Copyright (c) 2000, 2023, Oracle and/or its affiliates.

Oracle is a registered trademark of Oracle Corporation and/or its
affiliates. Other names may be trademarks of their respective
owners.

Type 'help;' or '\h' for help. Type '\c' to clear the current input statement.

mysql> create database testdb;
Query OK, 1 row affected (0.02 sec)

mysql> use testdb;
Database changed
mysql> create table testTable(test nvarchar(10));
Query OK, 0 rows affected, 1 warning (0.07 sec)

mysql> insert into testTable(test) values('hello');
Query OK, 1 row affected (0.01 sec)

mysql> select * from testTable
    -> ;
+-------+
| test  |
+-------+
| hello |
+-------+
1 row in set (0.00 sec)

mysql>